00000000: 4865 6c6c 6f20 576f 726c 6421 0a          Hello World!.   
