            |      ___|
  __|  _ \  |  _ \ __ \
\__ \ (   | | (   |  ) |
____/\___/ _|\___/____/
Solo5: Bindings version v0.6.2
Solo5: Memory map: 512 MB addressable:
Solo5:   reserved @ (0x0 - 0xfffff)
Solo5:       text @ (0x100000 - 0x1e8fff)
Solo5:     rodata @ (0x1e9000 - 0x21efff)
Solo5:       data @ (0x21f000 - 0x2c6fff)
Solo5:       heap >= 0x2c7000 < stack < 0x20000000
9f4e47215a247af1c3d24f7aa33560d637e9389b
Solo5: solo5_exit(0) called
